
Clover EFI installer log - Fri Mar 22 00:22:00 CET 2019
Installer version: v2.4k r4428 EFI bootloader
======================================================
/dev/disk0
   #:                       TYPE NAME                    SIZE       IDENTIFIER
   0:      GUID_partition_scheme                        *240.1 GB   disk0
   1:                        EFI EFI                     209.7 MB   disk0s1
   2: 7C3457EF-0000-11AA-AA11-00306543ECAC               189.8 GB   disk0s2
   3:                  Apple_HFS Macintosh HD            49.4 GB    disk0s3
   4:                 Apple_Boot Recovery HD             650.0 MB   disk0s4
/dev/disk1
   #:                       TYPE NAME                    SIZE       IDENTIFIER
   0:      GUID_partition_scheme                        *500.1 GB   disk1
   1:                        EFI EFI                     209.7 MB   disk1s1
   2:                  Apple_HFS Install macOS High S... 10.0 GB    disk1s2
   3:                  Apple_HFS Hackintosh Mojave       10.0 GB    disk1s3
   4:                  Apple_HFS Hackintosh High Sierra  50.0 GB    disk1s4
   5:                  Apple_HFS resten                  429.4 GB   disk1s5
======================================================
Backing up EFI files

======================================================
Installing BootSectors/BootLoader

Stage 0 - Don't write any of boot0af, boot0md, boot0ss to /Volumes/Install macOS High Sierra
Stage 1 - Don't write any of boot1h2, boot1f32alt, boot1xalt to /Volumes/Install macOS High Sierra

======================================================
=========== Clover EFI Installation Finish ===========
======================================================
